Starting...\n